components/ExportButton.tsx(272,67): error TS2345: Argument of type '{ margin: [number, number, number, number]; filename: string; image: { type: string; quality: number; }; html2canvas: { scale: number; useCORS: boolean; }; jsPDF: { unit: "mm"; format: "a4"; orientation: "portrait"; }; }' is not assignable to parameter of type 'Html2PdfOptions'.
  The types of 'image.type' are incompatible between these types.
    Type 'string' is not assignable to type '"png" | "jpeg" | "webp" | undefined'.
files/page.tsx(223,25): error TS2322: Type '{ onVideosSelect: (files: File[]) => void; videoFiles: File[]; videoPreviewUrls: string[]; onRemoveVideo: (index: number) => void; }' is not assignable to type 'IntrinsicAttributes & VideoUploaderProps'.
  Property 'videoPreviewUrls' does not exist on type 'IntrinsicAttributes & VideoUploaderProps'.
